[MFLOG|0|2025-06-22T16:51:47.122153Z|runtime|d25078c0-6453-4970-9bc7-9ffb547e28bc]Autoencoder model flow completed successfully!
[MFLOG|0|2025-06-22T16:51:47.122311Z|runtime|5cb73a56-d48a-4451-b2fc-948883bddf09]Model saved at: /Users/ayushnema/Development/anomaly-detection/MLmodel/models/model_20250622_222144
[MFLOG|0|2025-06-22T16:51:47.333577Z|runtime|465d6ed0-586c-47dd-9f25-1c5474bf82b9]Evaluation results: {
[MFLOG|0|2025-06-22T16:51:47.333655Z|runtime|c26c6179-8bed-4d48-b1e5-b15d55a607f3]  "anomaly_threshold": 1,
[MFLOG|0|2025-06-22T16:51:47.333689Z|runtime|ebae1310-a8b4-4463-a7d8-c18a83fd172f]  "num_anomalies": 0,
[MFLOG|0|2025-06-22T16:51:47.333716Z|runtime|cc7cf208-b1f2-43d7-8659-0326f018ceff]  "total_samples": 1000,
[MFLOG|0|2025-06-22T16:51:47.333743Z|runtime|e3af209f-bb88-4539-b5b3-7c79ed22a15f]  "anomaly_percentage": 0.0,
[MFLOG|0|2025-06-22T16:51:47.333767Z|runtime|ac4b228f-126a-456b-abcc-9c9d8ce88ee9]  "mismatches_per_sample": [
[MFLOG|0|2025-06-22T16:51:47.333788Z|runtime|2c227d1b-9756-435b-bcaf-8f67fd0f0f95]    0,
[MFLOG|0|2025-06-22T16:51:47.333809Z|runtime|e339a9fe-d789-462e-ac79-9b857b1d6d14]    0,
[MFLOG|0|2025-06-22T16:51:47.333832Z|runtime|a06f8640-b393-477d-bc2f-cf02064ae297]    0,
[MFLOG|0|2025-06-22T16:51:47.333853Z|runtime|40bb1418-839b-4821-9cfb-082eef25f80b]    0,
[MFLOG|0|2025-06-22T16:51:47.333876Z|runtime|bff7eeb8-a1b2-45e5-a3bb-4eaa84e376cc]    0,
[MFLOG|0|2025-06-22T16:51:47.333900Z|runtime|64110764-3e43-4f64-9ced-ad362cb4e54e]    0,
[MFLOG|0|2025-06-22T16:51:47.333922Z|runtime|8e2125c5-1343-40bc-9a94-5d761f8d4d63]    0,
[MFLOG|0|2025-06-22T16:51:47.333945Z|runtime|dffb3718-c52d-4d01-ae61-0feb02efe0f0]    0,
[MFLOG|0|2025-06-22T16:51:47.333964Z|runtime|6e947511-395b-4f9b-a980-221248c86a55]    0,
[MFLOG|0|2025-06-22T16:51:47.333987Z|runtime|d60f58f3-2eaf-4f9b-90e4-aee9a8a5c219]    0,
[MFLOG|0|2025-06-22T16:51:47.334010Z|runtime|a9115b41-cad0-4db5-bdc0-12bcd6f67916]    0,
[MFLOG|0|2025-06-22T16:51:47.334033Z|runtime|966b71d5-b2ba-4deb-8bd1-fc1d03b5eb61]    0,
[MFLOG|0|2025-06-22T16:51:47.334056Z|runtime|b6237176-2fb9-4b31-83a8-7f6cbf87f988]    0,
[MFLOG|0|2025-06-22T16:51:47.334079Z|runtime|a53e2991-64a0-43a4-9f3a-c85dc8120e6b]    0,
[MFLOG|0|2025-06-22T16:51:47.334102Z|runtime|6367ae8a-01a9-43d7-9b64-284c88314ba7]    0,
[MFLOG|0|2025-06-22T16:51:47.334125Z|runtime|be0becb9-bf6e-49aa-b74f-58b407a8a4d0]    0,
[MFLOG|0|2025-06-22T16:51:47.334145Z|runtime|c893602b-0266-47da-b28c-0863f1f68582]    0,
[MFLOG|0|2025-06-22T16:51:47.334168Z|runtime|334d3b64-4f0f-4e06-9fb0-19321a454ced]    0,
[MFLOG|0|2025-06-22T16:51:47.334191Z|runtime|7d6f9fe7-77c8-477e-82f4-b53f6423e7dc]    0,
[MFLOG|0|2025-06-22T16:51:47.334214Z|runtime|78807a0a-5fba-43f8-a084-8778d492ce3a]    0
[MFLOG|0|2025-06-22T16:51:47.334240Z|runtime|bd7d33e1-01e8-419f-b825-fb75353ef3d2]  ]
[MFLOG|0|2025-06-22T16:51:47.334266Z|runtime|517b2482-3b0d-406a-a58e-5dc0e6a59a3c]}
