[MFLOG|0|2025-06-22T16:57:35.106649Z|runtime|93473e50-adc7-4841-900a-7c495f228f59]Autoencoder model flow completed successfully!
[MFLOG|0|2025-06-22T16:57:35.106796Z|runtime|b673d792-3bba-48d9-871e-b778d2a31c9d]Model saved at: /Users/ayushnema/Development/anomaly-detection/MLmodel/models/model_20250622_222732
[MFLOG|0|2025-06-22T16:57:35.318944Z|runtime|b44678bd-cfef-478e-9b93-aa87be16ff5a]Evaluation results: {
[MFLOG|0|2025-06-22T16:57:35.319028Z|runtime|f5283053-c0ef-4d10-b28e-6542d0257287]  "anomaly_threshold": 1,
[MFLOG|0|2025-06-22T16:57:35.319062Z|runtime|f4d41d35-0430-4566-9811-da13a638dd77]  "num_anomalies": 0,
[MFLOG|0|2025-06-22T16:57:35.319090Z|runtime|d1329deb-3916-4b65-bc74-7d59c66d3e20]  "total_samples": 1000,
[MFLOG|0|2025-06-22T16:57:35.319111Z|runtime|a14e1c30-6db9-4628-8564-d39e5c5c5b26]  "anomaly_percentage": 0.0,
[MFLOG|0|2025-06-22T16:57:35.319132Z|runtime|35bae4cc-a829-4abb-a2cb-6fa5ba20dd43]  "mismatches_per_sample": [
[MFLOG|0|2025-06-22T16:57:35.319157Z|runtime|40c5b5a8-ae46-4756-99a1-8f1816635d8a]    0,
[MFLOG|0|2025-06-22T16:57:35.319179Z|runtime|1ab2ed46-d92b-4571-814f-e584409088e2]    0,
[MFLOG|0|2025-06-22T16:57:35.319203Z|runtime|95d0a292-2371-4e21-a0cd-45974ae0162f]    0,
[MFLOG|0|2025-06-22T16:57:35.319223Z|runtime|edd0caec-7662-4c2d-bed4-81d54328e823]    0,
[MFLOG|0|2025-06-22T16:57:35.319246Z|runtime|e4614980-b819-4ccf-8f1e-26b1d777afe6]    0,
[MFLOG|0|2025-06-22T16:57:35.319270Z|runtime|39d0e145-9821-469b-aae7-0224e7a75c22]    0,
[MFLOG|0|2025-06-22T16:57:35.319293Z|runtime|b229a78a-58ec-4b8e-b483-d0b4d6520982]    0,
[MFLOG|0|2025-06-22T16:57:35.319316Z|runtime|02b5c9f5-271c-4550-8f5e-181c02fd1853]    0,
[MFLOG|0|2025-06-22T16:57:35.319337Z|runtime|481b3ed9-64e6-4d5e-89a4-46fffc746cd2]    0,
[MFLOG|0|2025-06-22T16:57:35.319360Z|runtime|7e141d37-f1ef-4875-a463-69fa51ec8aa4]    0,
[MFLOG|0|2025-06-22T16:57:35.319381Z|runtime|b986d2ef-ef1d-440e-bf8b-789cbe0db623]    0,
[MFLOG|0|2025-06-22T16:57:35.319403Z|runtime|6bbd6820-6b32-4807-95ad-6c3cbe9cc817]    0,
[MFLOG|0|2025-06-22T16:57:35.319425Z|runtime|9ef181da-582a-4f5a-a2d7-c4305b6999ac]    0,
[MFLOG|0|2025-06-22T16:57:35.319448Z|runtime|f563b479-c317-42a0-88ba-a959bae639f4]    0,
[MFLOG|0|2025-06-22T16:57:35.319471Z|runtime|a3173f0c-bcf3-44b5-974d-d01461c557bf]    0,
[MFLOG|0|2025-06-22T16:57:35.319493Z|runtime|aa2e0973-c1ea-4fc9-881c-1cccfbef67a8]    0,
[MFLOG|0|2025-06-22T16:57:35.319515Z|runtime|e2b6692e-572d-4cc5-8b74-25ddcb26df90]    0,
[MFLOG|0|2025-06-22T16:57:35.319534Z|runtime|05a52001-1a16-4948-a541-45f9180e0687]    0,
[MFLOG|0|2025-06-22T16:57:35.319557Z|runtime|adb2267f-b6c3-473d-b8f3-45f103ab1ed2]    0,
[MFLOG|0|2025-06-22T16:57:35.319580Z|runtime|76e161fc-783e-4ccd-b128-2aee76193d3c]    0
[MFLOG|0|2025-06-22T16:57:35.319608Z|runtime|dafb165e-cb0e-436a-ac4f-146d6e2ee99f]  ]
[MFLOG|0|2025-06-22T16:57:35.319633Z|runtime|1583d6d6-ddc7-4f6b-8586-30ec80fcfb21]}
