[MFLOG|0|2025-06-22T16:49:08.791158Z|runtime|75995983-4baf-44a7-8ea5-1b2d9bd90e3b]Autoencoder model flow completed successfully!
[MFLOG|0|2025-06-22T16:49:08.791346Z|runtime|e589369e-3c70-4c12-9304-78eb069b2fac]Model saved at: /Users/ayushnema/Development/anomaly-detection/MLmodel/models/model_20250622_221906
[MFLOG|0|2025-06-22T16:49:09.031203Z|runtime|f011611f-fe9c-42f2-8a2f-485af5cb1a5b]Evaluation results: {
[MFLOG|0|2025-06-22T16:49:09.031305Z|runtime|0d2f8aa3-27fc-4d4e-b170-510c99183a64]  "anomaly_threshold": 2,
[MFLOG|0|2025-06-22T16:49:09.031344Z|runtime|c80687c7-855d-470b-81b0-300fdad2cef9]  "num_anomalies": 0,
[MFLOG|0|2025-06-22T16:49:09.031373Z|runtime|c69fe129-8b3c-40af-aac3-1fd76282d908]  "total_samples": 1000,
[MFLOG|0|2025-06-22T16:49:09.031393Z|runtime|a8c80fdb-f6c8-4dcb-8157-5906940e2157]  "anomaly_percentage": 0.0,
[MFLOG|0|2025-06-22T16:49:09.031415Z|runtime|fc17dcf5-5d30-4923-b8fb-affe4edf0ffd]  "mismatches_per_sample": [
[MFLOG|0|2025-06-22T16:49:09.031439Z|runtime|b63e046d-e67b-4cc2-956a-513d0d3a540f]    0,
[MFLOG|0|2025-06-22T16:49:09.031463Z|runtime|7900972a-d4e5-4866-9cf3-a53d9b3dfc25]    0,
[MFLOG|0|2025-06-22T16:49:09.031485Z|runtime|6f91f451-bac7-49bf-bf46-dd1d574a6c5a]    0,
[MFLOG|0|2025-06-22T16:49:09.031508Z|runtime|f3e5b254-1588-490b-a3d2-b22db0c8a1bf]    0,
[MFLOG|0|2025-06-22T16:49:09.031532Z|runtime|66f21977-c089-471b-9351-4ad86ab64bae]    0,
[MFLOG|0|2025-06-22T16:49:09.031556Z|runtime|6a85d8a1-ae42-4506-833d-3dccfd4168df]    0,
[MFLOG|0|2025-06-22T16:49:09.031578Z|runtime|21752736-9c27-4ac7-9325-e978c525447b]    0,
[MFLOG|0|2025-06-22T16:49:09.031599Z|runtime|7e99d4e7-5c3a-4590-9aef-b854ba45333f]    0,
[MFLOG|0|2025-06-22T16:49:09.031623Z|runtime|04f4640e-361f-4ecd-b9d5-a9f789150a37]    0,
[MFLOG|0|2025-06-22T16:49:09.031644Z|runtime|e79331d6-1b9e-4c20-86d9-b6c7c22f21e2]    0,
[MFLOG|0|2025-06-22T16:49:09.031667Z|runtime|06eb47a3-8b85-4c44-9f1b-be47e3ee9707]    0,
[MFLOG|0|2025-06-22T16:49:09.031688Z|runtime|94394aba-8764-4054-a12f-27f801db851c]    0,
[MFLOG|0|2025-06-22T16:49:09.031711Z|runtime|bf8c45af-3b31-42a1-bd3d-900402dc9fdf]    0,
[MFLOG|0|2025-06-22T16:49:09.031735Z|runtime|6047617a-ee0f-458d-ada5-a9bc1eed39e9]    0,
[MFLOG|0|2025-06-22T16:49:09.031758Z|runtime|1c70dbcf-3f2a-44e4-be04-226de02a1212]    0,
[MFLOG|0|2025-06-22T16:49:09.031780Z|runtime|93b4477b-2714-44c8-830e-121ac472eee6]    0,
[MFLOG|0|2025-06-22T16:49:09.031803Z|runtime|baed58b2-55b7-42e5-952d-a17498c6c58b]    0,
[MFLOG|0|2025-06-22T16:49:09.031826Z|runtime|2a2ef9b1-1e70-405a-897b-b82037eb6924]    0,
[MFLOG|0|2025-06-22T16:49:09.031849Z|runtime|fd903c98-1ea4-4944-99e4-e9fa34772122]    0,
[MFLOG|0|2025-06-22T16:49:09.031871Z|runtime|d5107c6a-e762-42f6-a0fe-f9936c749fe6]    0
[MFLOG|0|2025-06-22T16:49:09.031895Z|runtime|d28c0a41-a05c-484f-aa40-94999fffc235]  ]
[MFLOG|0|2025-06-22T16:49:09.031922Z|runtime|b6b4ec35-2986-46e1-a03c-21bcac8ba8d5]}
